// Jest Snapshot v1, https://goo.gl/fbAQLP

exports[`#Home should render correctly 1`] = `
<div
  className="sc-VigVT jweSbk"
>
  <div
    className="sc-fjdhpX leoPZk sc-gqjmRU hKLFpj"
  >
    <img
      src="test-file-stub"
    />
    <a
      className="sc-dnqmqq jFCsgM"
      href="/"
      onClick={[Function]}
    >
      Lobby
    </a>
  </div>
  <div
    className="sc-jTzLTM loGiWm"
  >
    <ul
      className="sc-iwsKbI fDRDBx"
    />
    <button
      onClick={[Function]}
    >
      Create Game
    </button>
    <a
      className="sc-dnqmqq jFCsgM"
      href="/codenames/"
      onClick={[Function]}
    >
      Join Game
    </a>
  </div>
</div>
`;
