// Jest Snapshot v1, https://goo.gl/fbAQLP

exports[`#Home should render correctly 1`] = `
<div
  className="sc-dxgOiQ fnNCjc"
>
  <div
    className="sc-jKJlTe jqwgMa sc-kpOJdX jSpUW"
  >
    <img
      className="sc-kGXeez jzbGIe"
      src="test-file-stub"
    />
    <a
      className="sc-dnqmqq jFCsgM"
      href="/"
      onClick={[Function]}
    >
      Lobby
    </a>
  </div>
  <div
    className="sc-ckVGcZ lbASTC"
  >
    <h3
      className="sc-fjdhpX cQEeDA"
    >
      Codenames
    </h3>
    <p>
      Choose a game from the list below or create your own.
    </p>
    <ul
      className="sc-jzJRlG lkdUhq"
    >
      <li
        className="sc-cSHVUG enaHVM"
      >
        Unable to find any games. Why not create one?
      </li>
    </ul>
    <button
      className="sc-iwsKbI izFQUc"
      onClick={[Function]}
    >
      Create Game
    </button>
    <button
      className="sc-iwsKbI jvsbIL"
      onClick={[Function]}
    >
      Join Game
    </button>
  </div>
</div>
`;
