// Jest Snapshot v1, https://goo.gl/fbAQLP

exports[`#Home should render correctly 1`] = `
<div
  className="sc-kpOJdX dwuSAM"
>
  <div
    className="sc-ckVGcZ igByRx sc-kGXeez efwses"
  >
    <img
      className="sc-kgoBCf yAQSK"
      src="test-file-stub"
    />
    <a
      className="sc-htpNat eRbzCA"
      href="/"
      onClick={[Function]}
    >
      Lobby
    </a>
  </div>
  <div
    className="sc-dxgOiQ iOHuBN"
  >
    <h3
      className="sc-htoDjs gJSIof"
    >
      Codenames
    </h3>
    <p>
      Choose a game from the list below or create your own.
    </p>
    <ul
      className="sc-fjdhpX iSvycy"
    >
      <li
        className="sc-jzJRlG jCQBUZ"
      >
        Unable to find any games. Why not create one?
      </li>
    </ul>
    <button
      className="sc-bxivhb dpGJXM"
      onClick={[Function]}
    >
      Create Game
    </button>
    <button
      className="sc-bxivhb bxkbNa"
      onClick={[Function]}
    >
      Join Game
    </button>
  </div>
</div>
`;
